// Jest Snapshot v1, https://goo.gl/fbAQLP

exports[`<Radial /> Radial props with all props as required 1`] = `
<div>
  PriceDecrease
</div>
`;

exports[`<Radial /> Radial props with mandatory props 1`] = `
<div>
  PriceDecrease
</div>
`;
