// Jest Snapshot v1, https://goo.gl/fbAQLP

exports[`<Catalogue /> Catalogue props with mandatory props 1`] = `null`;
