// Jest Snapshot v1, https://goo.gl/fbAQLP

exports[`<Collection /> Collection with only desired props 1`] = `
<div
  className="grid min-h-screen grid-cols-3 pb-10"
/>
`;
