// Jest Snapshot v1, https://goo.gl/fbAQLP

exports[`<LoginPage /> should render correctly 1`] = `
<div>
  Login
</div>
`;
