// Jest Snapshot v1, https://goo.gl/fbAQLP

exports[`<ProductsByCollection /> ProductsByCollection with only desired props 1`] = `null`;
