// Jest Snapshot v1, https://goo.gl/fbAQLP

exports[`<Categories /> Categories props with mandatory props 1`] = `null`;
