// Jest Snapshot v1, https://goo.gl/fbAQLP

exports[`<HowItWorks /> HowItWorks props with mandatory props 1`] = `
<div
  className="h-screen w-full grid place-items-center relative bg-primary-dark text-primary-light"
>
  <div
    className="w-1/2"
  >
    <article
      className="-mt-10 flex flex-col gap-20 text-center"
    >
      <section
        id="step-one"
      >
        <h4>
          1st Pick Your Desire
        </h4>
        <p
          className="mt-4"
        >
          Lorem ipsum dolor, sit amet consectetur adipisicing elit. Accusantium fugiat vel doloribus nesciunt! Non odit reprehenderit placeat sint tempore fugit animi nemo porro quod ipsa, nisi provident quibusdam ipsum a ratione? Assumenda perspiciatis officia sed, hic vero maxime, vel dolor facilis asperiores tempora ratione ipsam fuga numquam aut deserunt odio!
        </p>
      </section>
      <section
        id="step-two"
      >
        <h4>
          2nd Set Your Price
        </h4>
        <p
          className="mt-4"
        >
          Lorem ipsum dolor, sit amet consectetur adipisicing elit. Accusantium fugiat vel doloribus nesciunt! Non odit reprehenderit placeat sint tempore fugit animi nemo porro quod ipsa, nisi provident quibusdam ipsum a ratione? Assumenda perspiciatis officia sed, hic vero maxime, vel dolor facilis asperiores tempora ratione ipsam fuga numquam aut deserunt odio!
        </p>
      </section>
      <section
        id="step-three"
      >
        <h4>
          3rd Win Or Wait
        </h4>
        <p
          className="mt-4"
        >
          Lorem ipsum dolor, sit amet consectetur adipisicing elit. Accusantium fugiat vel doloribus nesciunt! Non odit reprehenderit placeat sint tempore fugit animi nemo porro quod ipsa, nisi provident quibusdam ipsum a ratione? Assumenda perspiciatis officia sed, hic vero maxime, vel dolor facilis asperiores tempora ratione ipsam fuga numquam aut deserunt odio!
        </p>
      </section>
    </article>
  </div>
</div>
`;
