// Jest Snapshot v1, https://goo.gl/fbAQLP

exports[`<ItemView /> ItemView props with mandatory props 1`] = `null`;
